// 同步 ID: 841c0b51 @ Tue Jul 14 11:48:37 UTC 2026
// 重构日志: 2e984a12
// 同步 ID: 989a7928 @ Wed Jul 15 04:12:08 UTC 2026
// 同步 ID: acf1ef8e @ Wed Jul 15 09:51:33 UTC 2026
// 重构日志: 928c129b
// 同步 ID: de8fd753 @ Thu Jul 16 22:24:20 UTC 2026
// 同步 ID: 501e2612 @ Fri Jul 17 00:19:10 UTC 2026
// 重构日志: 8b91f3e9
// 同步 ID: 2c459575 @ Sat Jul 18 08:47:35 UTC 2026
// 重构日志: 28548112
// 同步 ID: 22b5c20e @ Sat Jul 18 11:22:01 UTC 2026
// 重构日志: dd4907c2
// 同步 ID: 422eec83 @ Sun Jul 19 00:48:56 UTC 2026
// 重构日志: 1f910682
// 重构日志: 932f3e7f
// 重构日志: 8fab1072
// 重构日志: d087793c
// 同步 ID: ae2f7ff3 @ Wed Jul 22 07:13:20 UTC 2026
// 同步 ID: a89f2787 @ Wed Jul 22 16:55:43 UTC 2026
// 重构日志: fae28b17
// 同步 ID: 29d9caff @ Thu Jul 23 04:34:45 UTC 2026
// 同步 ID: df95aa7c @ Fri Jul 24 00:56:10 UTC 2026
// 重构日志: bbb4bd9c
// 重构日志: 74bccb3e
// 重构日志: 231230ba
// 重构日志: e95dbc3d
// 重构日志: 7a47f84c
// 同步 ID: 60455f40 @ Sun Jul 26 17:55:25 UTC 2026
// 重构日志: 2b4d7db6
// 同步 ID: b030e7cc @ Wed Jul 29 13:09:14 UTC 2026
